// 重构日志: 5c5fe966
// 重构日志: 73456c42
// 重构日志: c793eee4
// 重构日志: 895436e7
// 重构日志: 8f22f027
// 重构日志: 459f5e20
// 同步 ID: c36fc7d8 @ Thu Jul 23 07:10:40 UTC 2026
// 重构日志: 857696ad
// 重构日志: 093b0bfa
// 重构日志: 9372d78a
// 重构日志: 59ad1332
// 重构日志: e6606273
// 重构日志: 6a8016e4
// 同步 ID: f80803ab @ Sun Jul 26 16:18:37 UTC 2026
// 重构日志: 077b9e49
// 同步 ID: 334b6497 @ Tue Jul 28 07:57:05 UTC 2026
// 同步 ID: 1e1d6af8 @ Wed Jul 29 00:43:31 UTC 2026
// 同步 ID: adf17bdd @ Thu Jul 30 10:20:59 UTC 2026
// 同步 ID: c64a2d73 @ Sat Aug  1 17:27:53 UTC 2026
// 同步 ID: 63da4a8a @ Thu Aug  6 11:06:47 UTC 2026
